
> Configure project :app
WARNING: The option setting 'android.defaults.buildfeatures.buildconfig=true' is deprecated.
The current default is 'false'.
It will be removed in version 9.0 of the Android Gradle plugin.
You can resolve this warning in Android Studio via `Refactor` > `Migrate BuildConfig to Gradle Build Files`
app: 'annotationProcessor' dependencies won't be recognized as kapt annotation processors. Please change the configuration name to 'kapt' for these artifacts: 'androidx.room:room-compiler:2.1.0'.

> Task :app:checkKotlinGradlePluginConfigurationErrors
> Task :app:preBuild UP-TO-DATE
> Task :app:preDebugBuild UP-TO-DATE
> Task :app:generateDebugBuildConfig UP-TO-DATE
> Task :app:checkDebugAarMetadata UP-TO-DATE
> Task :app:generateDebugResValues UP-TO-DATE
> Task :app:mapDebugSourceSetPaths UP-TO-DATE
> Task :app:generateDebugResources UP-TO-DATE
> Task :app:mergeDebugResources UP-TO-DATE
> Task :app:createDebugCompatibleScreenManifests UP-TO-DATE
> Task :app:extractDeepLinksDebug UP-TO-DATE
> Task :app:processDebugMainManifest UP-TO-DATE
> Task :app:processDebugManifest UP-TO-DATE
> Task :app:processDebugManifestForPackage UP-TO-DATE
> Task :app:processDebugResources UP-TO-DATE
> Task :app:kaptGenerateStubsDebugKotlin UP-TO-DATE
> Task :app:kaptDebugKotlin SKIPPED
> Task :app:compileDebugKotlin UP-TO-DATE
> Task :app:javaPreCompileDebug UP-TO-DATE

> Task :app:compileDebugJavaWithJavac
.\gradlew : warning: [options] source value 8 is obsolete and will be removed in a future release
At line:1 char:1
+ .\gradlew compileDebugJavaWithJavac > errors.txt 2>&1
+ ~~~~~~~~~~~~~~~~~~~~~~~~~~~~~~~~~~~~~~~~~~~~~~~~~~~~~
    + CategoryInfo          : NotSpecified: (warning: [optio... future release:String) [], RemoteException
    + FullyQualifiedErrorId : NativeCommandError
 
warning: [options] target value 8 is obsolete and will be removed in a future release
warning: [options] To suppress warnings about obsolete options, use -Xlint:-options.
warning: unknown enum constant Scope.LIBRARY_GROUP_PREFIX
warning: unknown enum constant Scope.LIBRARY_GROUP_PREFIX
warning: unknown enum constant Scope.LIBRARY_GROUP_PREFIX
warning: unknown enum constant Scope.LIBRARY_GROUP_PREFIX
warning: unknown enum constant Scope.LIBRARY_GROUP_PREFIX
warning: unknown enum constant Scope.LIBRARY_GROUP_PREFIX
warning: unknown enum constant Scope.LIBRARY_GROUP_PREFIX
warning: unknown enum constant Scope.LIBRARY_GROUP_PREFIX
warning: unknown enum constant Scope.LIBRARY_GROUP_PREFIX
warning: unknown enum constant Scope.LIBRARY_GROUP_PREFIX
warning: unknown enum constant Scope.LIBRARY_GROUP_PREFIX
warning: unknown enum constant Scope.LIBRARY_GROUP_PREFIX
warning: unknown enum constant Scope.LIBRARY_GROUP_PREFIX
warning: unknown enum constant Scope.LIBRARY_GROUP_PREFIX
warning: unknown enum constant Scope.LIBRARY_GROUP_PREFIX
warning: unknown enum constant Scope.LIBRARY_GROUP_PREFIX
warning: unknown enum constant Scope.LIBRARY_GROUP_PREFIX
warning: unknown enum constant Scope.LIBRARY_GROUP_PREFIX
warning: unknown enum constant Scope.LIBRARY_GROUP_PREFIX
warning: unknown enum constant Scope.LIBRARY_GROUP_PREFIX
warning: unknown enum constant Scope.LIBRARY_GROUP_PREFIX
warning: unknown enum constant Scope.LIBRARY_GROUP_PREFIX
warning: unknown enum constant Scope.LIBRARY_GROUP_PREFIX
warning: unknown enum constant Scope.LIBRARY_GROUP_PREFIX
warning: unknown enum constant Scope.LIBRARY_GROUP_PREFIX
warning: unknown enum constant Scope.LIBRARY_GROUP_PREFIX
warning: unknown enum constant Scope.LIBRARY_GROUP_PREFIX
warning: unknown enum constant Scope.LIBRARY_GROUP_PREFIX
warning: unknown enum constant Scope.LIBRARY_GROUP_PREFIX
warning: unknown enum constant Scope.LIBRARY_GROUP_PREFIX
warning: unknown enum constant Scope.LIBRARY_GROUP_PREFIX
warning: unknown enum constant Scope.LIBRARY_GROUP_PREFIX
warning: unknown enum constant Scope.LIBRARY_GROUP_PREFIX
warning: unknown enum constant Scope.LIBRARY_GROUP_PREFIX
warning: unknown enum constant Scope.LIBRARY_GROUP_PREFIX
warning: unknown enum constant Scope.LIBRARY_GROUP_PREFIX
warning: unknown enum constant Scope.LIBRARY_GROUP_PREFIX
warning: unknown enum constant Scope.LIBRARY_GROUP_PREFIX
warning: unknown enum constant Scope.LIBRARY_GROUP_PREFIX
warning: unknown enum constant Scope.LIBRARY_GROUP_PREFIX
warning: unknown enum constant Scope.LIBRARY_GROUP_PREFIX
warning: unknown enum constant Scope.LIBRARY_GROUP_PREFIX
warning: unknown enum constant Scope.LIBRARY_GROUP_PREFIX
warning: unknown enum constant Scope.LIBRARY_GROUP_PREFIX
warning: unknown enum constant Scope.LIBRARY_GROUP_PREFIX
warning: unknown enum constant Scope.LIBRARY_GROUP_PREFIX
warning: unknown enum constant Scope.LIBRARY_GROUP_PREFIX
warning: unknown enum constant Scope.LIBRARY_GROUP_PREFIX
warning: unknown enum constant Scope.LIBRARY_GROUP_PREFIX
warning: unknown enum constant Scope.LIBRARY_GROUP_PREFIX
warning: unknown enum constant Scope.LIBRARY_GROUP_PREFIX
warning: unknown enum constant Scope.LIBRARY_GROUP_PREFIX
warning: unknown enum constant Scope.LIBRARY_GROUP_PREFIX
warning: unknown enum constant Scope.LIBRARY_GROUP_PREFIX
warning: unknown enum constant Scope.LIBRARY_GROUP_PREFIX
warning: unknown enum constant Scope.LIBRARY_GROUP_PREFIX
warning: unknown enum constant Scope.LIBRARY_GROUP_PREFIX
warning: unknown enum constant Scope.LIBRARY_GROUP_PREFIX
warning: unknown enum constant Scope.LIBRARY_GROUP_PREFIX
warning: unknown enum constant Scope.LIBRARY_GROUP_PREFIX
warning: unknown enum constant Scope.LIBRARY_GROUP_PREFIX
warning: unknown enum constant Scope.LIBRARY_GROUP_PREFIX
warning: unknown enum constant Scope.LIBRARY_GROUP_PREFIX
warning: unknown enum constant Scope.LIBRARY_GROUP_PREFIX
warning: unknown enum constant Scope.LIBRARY_GROUP_PREFIX
warning: unknown enum constant Scope.LIBRARY_GROUP_PREFIX
warning: unknown enum constant Scope.LIBRARY_GROUP_PREFIX
warning: unknown enum constant Scope.LIBRARY_GROUP_PREFIX
warning: unknown enum constant Scope.LIBRARY_GROUP_PREFIX
warning: unknown enum constant Scope.LIBRARY_GROUP_PREFIX
warning: unknown enum constant Scope.LIBRARY_GROUP_PREFIX
warning: unknown enum constant Scope.LIBRARY_GROUP_PREFIX
warning: unknown enum constant Scope.LIBRARY_GROUP_PREFIX
warning: unknown enum constant Scope.LIBRARY_GROUP_PREFIX
warning: unknown enum constant Scope.LIBRARY_GROUP_PREFIX
warning: unknown enum constant Scope.LIBRARY_GROUP_PREFIX
C:\Users\Admin\Downloads\OneVoice call app (1)\Translate-Call-main\app\src\main\java\nie\translator\rtranslator\voice_t
ranslation\VoiceTranslationActivity.java:181: error: cannot find symbol
                        if(global.getBluetoothCommunicator() != null && 
global.getBluetoothCommunicator().isBluetoothLeSupported()){
                                                                                                         ^
  symbol:   method isBluetoothLeSupported()
  location: class Object
C:\Users\Admin\Downloads\OneVoice call app (1)\Translate-Call-main\app\src\main\java\nie\translator\rtranslator\voice_t
ranslation\VoiceTranslationActivity.java:192: error: cannot find symbol
                        }else if(global.getBluetoothCommunicator().isBluetoothLeSupported()){
                                                                  ^
  symbol:   method isBluetoothLeSupported()
  location: class Object
C:\Users\Admin\Downloads\OneVoice call app (1)\Translate-Call-main\app\src\main\java\nie\translator\rtranslator\voice_t
ranslation\VoiceTranslationActivity.java:318: error: cannot find symbol
            return global.getBluetoothCommunicator().startSearch();
                                                    ^
  symbol:   method startSearch()
  location: class Object
C:\Users\Admin\Downloads\OneVoice call app (1)\Translate-Call-main\app\src\main\java\nie\translator\rtranslator\voice_t
ranslation\VoiceTranslationActivity.java:326: error: cannot find symbol
            return global.getBluetoothCommunicator().stopSearch(tryRestoreBluetoothStatus);
                                                    ^
  symbol:   method stopSearch(boolean)
  location: class Object
C:\Users\Admin\Downloads\OneVoice call app (1)\Translate-Call-main\app\src\main\java\nie\translator\rtranslator\voice_t
ranslation\VoiceTranslationActivity.java:334: error: cannot find symbol
            return global.getBluetoothCommunicator().isSearching();
                                                    ^
  symbol:   method isSearching()
  location: class Object
C:\Users\Admin\Downloads\OneVoice call app (1)\Translate-Call-main\app\src\main\java\nie\translator\rtranslator\voice_t
ranslation\VoiceTranslationActivity.java:343: error: cannot find symbol
            global.getBluetoothCommunicator().connect(peer);
                                             ^
  symbol:   method connect(Peer)
  location: class Object
C:\Users\Admin\Downloads\OneVoice call app (1)\Translate-Call-main\app\src\main\java\nie\translator\rtranslator\voice_t
ranslation\VoiceTranslationActivity.java:349: error: cannot find symbol
            global.getBluetoothCommunicator().acceptConnection(peer);
                                             ^
  symbol:   method acceptConnection(Peer)
  location: class Object
C:\Users\Admin\Downloads\OneVoice call app (1)\Translate-Call-main\app\src\main\java\nie\translator\rtranslator\voice_t
ranslation\VoiceTranslationActivity.java:355: error: cannot find symbol
            global.getBluetoothCommunicator().rejectConnection(peer);
                                             ^
  symbol:   method rejectConnection(Peer)
  location: class Object
C:\Users\Admin\Downloads\OneVoice call app (1)\Translate-Call-main\app\src\main\java\nie\translator\rtranslator\voice_t
ranslation\VoiceTranslationActivity.java:361: error: cannot find symbol
            return global.getBluetoothCommunicator().getConnectedPeersList();
                                                    ^
  symbol:   method getConnectedPeersList()
  location: class Object
C:\Users\Admin\Downloads\OneVoice call app (1)\Translate-Call-main\app\src\main\java\nie\translator\rtranslator\voice_t
ranslation\VoiceTranslationActivity.java:369: error: cannot find symbol
            return global.getBluetoothCommunicator().getConnectingPeers();
                                                    ^
  symbol:   method getConnectingPeers()
  location: class Object
C:\Users\Admin\Downloads\OneVoice call app (1)\Translate-Call-main\app\src\main\java\nie\translator\rtranslator\voice_t
ranslation\VoiceTranslationActivity.java:377: error: cannot find symbol
            global.getBluetoothCommunicator().disconnect(peer);
                                             ^
  symbol:   method disconnect(Peer)
  location: class Object
C:\Users\Admin\Downloads\OneVoice call app (1)\Translate-Call-main\app\src\main\java\nie\translator\rtranslator\voice_t
ranslation\VoiceTranslationActivity.java:464: error: cannot find symbol
            global.getBluetoothCommunicator().disconnectFromAll();
                                             ^
  symbol:   method disconnectFromAll()
  location: class Object
warning: unknown enum constant Scope.LIBRARY_GROUP_PREFIX
warning: unknown enum constant Scope.LIBRARY_GROUP_PREFIX
warning: unknown enum constant Scope.LIBRARY_GROUP_PREFIX
warning: unknown enum constant Scope.LIBRARY_GROUP_PREFIX
warning: unknown enum constant Scope.LIBRARY_GROUP_PREFIX
warning: unknown enum constant Scope.LIBRARY_GROUP_PREFIX
warning: unknown enum constant Scope.LIBRARY_GROUP_PREFIX
warning: unknown enum constant Scope.LIBRARY_GROUP_PREFIX
warning: unknown enum constant Scope.LIBRARY_GROUP_PREFIX
warning: unknown enum constant Scope.LIBRARY_GROUP_PREFIX
warning: unknown enum constant Scope.LIBRARY_GROUP_PREFIX
warning: unknown enum constant Scope.LIBRARY_GROUP_PREFIX
warning: unknown enum constant Scope.LIBRARY_GROUP_PREFIX
warning: unknown enum constant Scope.LIBRARY_GROUP_PREFIX
warning: unknown enum constant Scope.LIBRARY_GROUP_PREFIX
warning: unknown enum constant Scope.LIBRARY_GROUP_PREFIX
warning: unknown enum constant Scope.LIBRARY_GROUP_PREFIX
warning: unknown enum constant Scope.LIBRARY_GROUP_PREFIX
C:\Users\Admin\Downloads\OneVoice call app (1)\Translate-Call-main\app\src\main\java\nie\translator\rtranslator\voice_t
ranslation\VoiceTranslationActivity.java:643: error: cannot find symbol
            global.getBluetoothCommunicator().addCallback(callback);
                                             ^
  symbol:   method addCallback(Callback)
  location: class Object
C:\Users\Admin\Downloads\OneVoice call app (1)\Translate-Call-main\app\src\main\java\nie\translator\rtranslator\voice_t
ranslation\VoiceTranslationActivity.java:650: error: cannot find symbol
            global.getBluetoothCommunicator().removeCallback(callback);
                                             ^
  symbol:   method removeCallback(Callback)
  location: class Object
C:\Users\Admin\Downloads\OneVoice call app (1)\Translate-Call-main\app\src\main\java\nie\translator\rtranslator\voice_t
ranslation\_conversation_mode\_conversation\ConversationService.java:167: error: cannot find symbol
        communicationCallback = new ConversationBluetoothCommunicator.Callback() {
        ^
  symbol:   variable communicationCallback
  location: class ConversationService
C:\Users\Admin\Downloads\OneVoice call app (1)\Translate-Call-main\app\src\main\java\nie\translator\rtranslator\voice_t
ranslation\_conversation_mode\_conversation\ConversationService.java:167: error: package 
ConversationBluetoothCommunicator does not exist
        communicationCallback = new ConversationBluetoothCommunicator.Callback() {
                                                                     ^
C:\Users\Admin\Downloads\OneVoice call app (1)\Translate-Call-main\app\src\main\java\nie\translator\rtranslator\voice_t
ranslation\_conversation_mode\_conversation\ConversationService.java:168: error: method does not override or implement 
a method from a supertype
            @Override
            ^
C:\Users\Admin\Downloads\OneVoice call app (1)\Translate-Call-main\app\src\main\java\nie\translator\rtranslator\voice_t
ranslation\_conversation_mode\_conversation\ConversationService.java:170: error: cannot find symbol
                super.onMessageReceived(message);
                     ^
  symbol: method onMessageReceived(Message)
C:\Users\Admin\Downloads\OneVoice call app (1)\Translate-Call-main\app\src\main\java\nie\translator\rtranslator\voice_t
ranslation\_conversation_mode\_conversation\ConversationService.java:260: error: method does not override or implement 
a method from a supertype
            @Override
            ^
C:\Users\Admin\Downloads\OneVoice call app (1)\Translate-Call-main\app\src\main\java\nie\translator\rtranslator\voice_t
ranslation\_conversation_mode\_conversation\ConversationService.java:262: error: cannot find symbol
                super.onDisconnected(peer, peersLeft);
                     ^
  symbol: method onDisconnected(GuiPeer,int)
C:\Users\Admin\Downloads\OneVoice call app (1)\Translate-Call-main\app\src\main\java\nie\translator\rtranslator\voice_t
ranslation\_conversation_mode\_conversation\connection_info\PeersInfoFragment.java:384: error: cannot find symbol
        connectionTimer = new Timer(PairingFragment.CONNECTION_TIMEOUT);
                                                   ^
  symbol:   variable CONNECTION_TIMEOUT
  location: class PairingFragment
C:\Users\Admin\Downloads\OneVoice call app (1)\Translate-Call-main\app\src\main\java\nie\translator\rtranslator\voice_t
ranslation\_conversation_mode\_conversation\ConversationFragment.java:138: error: cannot find symbol
                        global.getBluetoothCommunicator().removeCallback(communicatorCallback);
                                                         ^
  symbol:   method removeCallback(Callback)
  location: class Object
C:\Users\Admin\Downloads\OneVoice call app (1)\Translate-Call-main\app\src\main\java\nie\translator\rtranslator\voice_t
ranslation\_conversation_mode\_conversation\ConversationFragment.java:146: error: cannot find symbol
                        global.getBluetoothCommunicator().addCallback(communicatorCallback);
                                                         ^
  symbol:   method addCallback(Callback)
  location: class Object
C:\Users\Admin\Downloads\OneVoice call app (1)\Translate-Call-main\app\src\main\java\nie\translator\rtranslator\voice_t
ranslation\_conversation_mode\_conversation\ConversationFragment.java:215: error: cannot find symbol
            global.getBluetoothCommunicator().addCallback(communicatorCallback);
                                             ^
  symbol:   method addCallback(Callback)
  location: class Object
C:\Users\Admin\Downloads\OneVoice call app (1)\Translate-Call-main\app\src\main\java\nie\translator\rtranslator\voice_t
ranslation\_conversation_mode\_conversation\ConversationFragment.java:223: error: cannot find symbol
            global.getBluetoothCommunicator().removeCallback(communicatorCallback);
                                             ^
  symbol:   method removeCallback(Callback)
  location: class Object
C:\Users\Admin\Downloads\OneVoice call app 
(1)\Translate-Call-main\app\src\main\java\nie\translator\rtranslator\webrtc\WebRtcVoiceTranslationService.java:229: 
error: incompatible types: WebRtcVoiceTranslationService.ConversationBluetoothHeadsetCallback cannot be converted to 
ConversationService.BluetoothHeadsetCallback
                    new ConversationBluetoothHeadsetCallback());
                    ^
C:\Users\Admin\Downloads\OneVoice call app 
(1)\Translate-Call-main\app\src\main\java\nie\translator\rtranslator\webrtc\WebRtcVoiceTranslationService.java:294: 
error: incompatible types: bad return type in lambda expression
        webRtcClient.setRemoteDescription(remoteSdp, () -> webRtcClient.createAnswer());
                                                                                    ^
    void cannot be converted to Unit
C:\Users\Admin\Downloads\OneVoice call app 
(1)\Translate-Call-main\app\src\main\java\nie\translator\rtranslator\webrtc\WebRtcVoiceTranslationService.java:301: 
error: incompatible types: bad return type in lambda expression
        webRtcClient.setRemoteDescription(remoteSdp, () -> {});
                                                     ^
    missing return value
Note: Some input files use or override a deprecated API.
Note: Recompile with -Xlint:deprecation for details.
Note: Some input files use unchecked or unsafe operations.
Note: Recompile with -Xlint:unchecked for details.
Note: Some messages have been simplified; recompile with -Xdiags:verbose to get full output
28 errors
97 warnings


FAILURE: Build failed with an exception.

* What went wrong:
Execution failed for task ':app:compileDebugJavaWithJavac'.
> Compilation failed; see the compiler error output for details.

* Try:
> Run with --info option to get more log output.
> Run with --scan to get full insights.

BUILD FAILED in 4s
> Task :app:compileDebugJavaWithJavac FAILED
16 actionable tasks: 2 executed, 14 up-to-date
